/home/srcds/dev/milpbookLM/.venv/lib/python3.13/site-packages/fastapi/testclient.py:1: StarletteDeprecationWarning: Using `httpx` with `starlette.testclient` is deprecated; install `httpx2` instead.
  from starlette.testclient import TestClient as TestClient  # noqa
{"ts": "2026-09-21T15:42:20+0200", "level": "INFO", "logger": "milpbooklm_api.auth_routes", "message": "login succeeded", "request_id": "9cec6a699e894fccadffdb251ca296b1", "trace_id": "727166a3b10740871bc74ba0b7e541c1", "span_id": "0cdf614c9e8bd152", "fields": {"user_id": "01a0c434-0d06-44b1-a4a5-8a5abf1ac26e"}}
{"ts": "2026-09-21T15:42:21+0200", "level": "INFO", "logger": "milpbooklm_api.source_guide_routes", "message": "index job enqueued: source=8680d2f9-1ef9-40f5-a2a8-17779cc390a4 source_version=3f7af514-63b0-44c6-ba34-f24210da4aab", "request_id": "4f9230629fb04e99b60b3bb6ee84584e", "trace_id": "df234cfc6ea0bed9b60b29d06ac8e6e0", "span_id": "5c730286125aaafd"}
{"check": "live_worker_indexed_pasted_source", "ok": true, "detail": "source_id=8680d2f9-1ef9-40f5-a2a8-17779cc390a4"}
{"check": "config_round_trip_de_en", "ok": true, "detail": ""}
{"ts": "2026-09-21T15:42:21+0200", "level": "INFO", "logger": "milpbooklm_adapters.indexing.pg_retrieval", "message": "retrieval under-return: 0/30 after policy re-check; increasing limit to 200", "request_id": "df68bfecfa0b49ea8ba32215cc664ddd", "trace_id": "88d5c15a43f9bafac3ecaf1bef3633de", "span_id": "0b7f8cea0e06c4d9"}
{"ts": "2026-09-21T15:42:21+0200", "level": "INFO", "logger": "milpbooklm_adapters.indexing.pg_retrieval", "message": "retrieval under-return: 0/30 after policy re-check; increasing limit to 500", "request_id": "df68bfecfa0b49ea8ba32215cc664ddd", "trace_id": "88d5c15a43f9bafac3ecaf1bef3633de", "span_id": "0b7f8cea0e06c4d9"}
{"ts": "2026-09-21T15:42:22+0200", "level": "INFO", "logger": "milpbooklm_adapters.models.embedding_client", "message": "embedding batch: 1 texts, 51.7 ms, model=bge-m3", "request_id": "df68bfecfa0b49ea8ba32215cc664ddd", "trace_id": "88d5c15a43f9bafac3ecaf1bef3633de", "span_id": "0b7f8cea0e06c4d9"}
{"ts": "2026-09-21T15:42:22+0200", "level": "INFO", "logger": "milpbooklm_adapters.indexing.pg_retrieval", "message": "retrieval under-return: 1/30 after policy re-check; increasing limit to 200", "request_id": "df68bfecfa0b49ea8ba32215cc664ddd", "trace_id": "88d5c15a43f9bafac3ecaf1bef3633de", "span_id": "0b7f8cea0e06c4d9"}
{"ts": "2026-09-21T15:42:22+0200", "level": "INFO", "logger": "milpbooklm_adapters.indexing.pg_retrieval", "message": "retrieval under-return: 1/30 after policy re-check; increasing limit to 500", "request_id": "df68bfecfa0b49ea8ba32215cc664ddd", "trace_id": "88d5c15a43f9bafac3ecaf1bef3633de", "span_id": "0b7f8cea0e06c4d9"}
{"check": "sse_tokens_before_persisted_terminal_and_rest_resync", "ok": true, "detail": "events=['token', 'token', 'token', 'token', 'token', 'token', 'token', 'token', 'token', 'token', 'token', 'token', 'token', 'token', 'token', 'token', 'token', 'token', 'token', 'token', 'token', 'token', 'token', 'token', 'token', 'terminal']"}
{"check": "instructions_and_note_revision_pinned", "ok": true, "detail": "manifest_id=a00be0ac-b8f2-470c-92e3-ea92cedb80a2"}
{"check": "ordinary_path_zero_tools_and_external_dispatch", "ok": true, "detail": ""}
{"ts": "2026-09-21T15:42:23+0200", "level": "INFO", "logger": "milpbooklm_adapters.indexing.pg_retrieval", "message": "retrieval under-return: 0/30 after policy re-check; increasing limit to 200", "request_id": "a11db45bccdd4a4b9198e05e4ddbb4d5", "trace_id": "6212eb661527696c9d25264f3cdcf0f0", "span_id": "334ad1c623d04118"}
{"ts": "2026-09-21T15:42:23+0200", "level": "INFO", "logger": "milpbooklm_adapters.indexing.pg_retrieval", "message": "retrieval under-return: 0/30 after policy re-check; increasing limit to 500", "request_id": "a11db45bccdd4a4b9198e05e4ddbb4d5", "trace_id": "6212eb661527696c9d25264f3cdcf0f0", "span_id": "334ad1c623d04118"}
{"ts": "2026-09-21T15:42:23+0200", "level": "INFO", "logger": "milpbooklm_adapters.models.embedding_client", "message": "embedding batch: 1 texts, 51.5 ms, model=bge-m3", "request_id": "a11db45bccdd4a4b9198e05e4ddbb4d5", "trace_id": "6212eb661527696c9d25264f3cdcf0f0", "span_id": "334ad1c623d04118"}
{"ts": "2026-09-21T15:42:23+0200", "level": "INFO", "logger": "milpbooklm_adapters.indexing.pg_retrieval", "message": "retrieval under-return: 1/30 after policy re-check; increasing limit to 200", "request_id": "a11db45bccdd4a4b9198e05e4ddbb4d5", "trace_id": "6212eb661527696c9d25264f3cdcf0f0", "span_id": "334ad1c623d04118"}
{"ts": "2026-09-21T15:42:23+0200", "level": "INFO", "logger": "milpbooklm_adapters.indexing.pg_retrieval", "message": "retrieval under-return: 1/30 after policy re-check; increasing limit to 500", "request_id": "a11db45bccdd4a4b9198e05e4ddbb4d5", "trace_id": "6212eb661527696c9d25264f3cdcf0f0", "span_id": "334ad1c623d04118"}
{"ts": "2026-09-21T15:42:23+0200", "level": "INFO", "logger": "milpbooklm_adapters.indexing.pg_retrieval", "message": "retrieval under-return: 0/30 after policy re-check; increasing limit to 200", "request_id": "a11db45bccdd4a4b9198e05e4ddbb4d5", "trace_id": "6212eb661527696c9d25264f3cdcf0f0", "span_id": "334ad1c623d04118"}
{"ts": "2026-09-21T15:42:23+0200", "level": "INFO", "logger": "milpbooklm_adapters.indexing.pg_retrieval", "message": "retrieval under-return: 0/30 after policy re-check; increasing limit to 500", "request_id": "a11db45bccdd4a4b9198e05e4ddbb4d5", "trace_id": "6212eb661527696c9d25264f3cdcf0f0", "span_id": "334ad1c623d04118"}
{"ts": "2026-09-21T15:42:23+0200", "level": "INFO", "logger": "milpbooklm_adapters.models.embedding_client", "message": "embedding batch: 1 texts, 65.4 ms, model=bge-m3", "request_id": "a11db45bccdd4a4b9198e05e4ddbb4d5", "trace_id": "6212eb661527696c9d25264f3cdcf0f0", "span_id": "334ad1c623d04118"}
{"ts": "2026-09-21T15:42:23+0200", "level": "INFO", "logger": "milpbooklm_adapters.indexing.pg_retrieval", "message": "retrieval under-return: 1/30 after policy re-check; increasing limit to 200", "request_id": "a11db45bccdd4a4b9198e05e4ddbb4d5", "trace_id": "6212eb661527696c9d25264f3cdcf0f0", "span_id": "334ad1c623d04118"}
{"ts": "2026-09-21T15:42:23+0200", "level": "INFO", "logger": "milpbooklm_adapters.indexing.pg_retrieval", "message": "retrieval under-return: 1/30 after policy re-check; increasing limit to 500", "request_id": "a11db45bccdd4a4b9198e05e4ddbb4d5", "trace_id": "6212eb661527696c9d25264f3cdcf0f0", "span_id": "334ad1c623d04118"}
{"check": "grounded_overview_summary_and_suggested_questions", "ok": true, "detail": ""}
{"ts": "2026-09-21T15:42:23+0200", "level": "INFO", "logger": "milpbooklm_adapters.indexing.pg_retrieval", "message": "retrieval under-return: 0/30 after policy re-check; increasing limit to 200", "request_id": "7f0cdf8410f14444b7ababcd835c7fd0", "trace_id": "434865773fdbe700c23ab74aaab3f683", "span_id": "43600ef606a29429"}
{"ts": "2026-09-21T15:42:23+0200", "level": "INFO", "logger": "milpbooklm_adapters.indexing.pg_retrieval", "message": "retrieval under-return: 0/30 after policy re-check; increasing limit to 500", "request_id": "7f0cdf8410f14444b7ababcd835c7fd0", "trace_id": "434865773fdbe700c23ab74aaab3f683", "span_id": "43600ef606a29429"}
{"ts": "2026-09-21T15:42:23+0200", "level": "INFO", "logger": "milpbooklm_adapters.models.embedding_client", "message": "embedding batch: 1 texts, 35.0 ms, model=bge-m3", "request_id": "7f0cdf8410f14444b7ababcd835c7fd0", "trace_id": "434865773fdbe700c23ab74aaab3f683", "span_id": "43600ef606a29429"}
{"ts": "2026-09-21T15:42:23+0200", "level": "INFO", "logger": "milpbooklm_adapters.indexing.pg_retrieval", "message": "retrieval under-return: 1/30 after policy re-check; increasing limit to 200", "request_id": "7f0cdf8410f14444b7ababcd835c7fd0", "trace_id": "434865773fdbe700c23ab74aaab3f683", "span_id": "43600ef606a29429"}
{"ts": "2026-09-21T15:42:23+0200", "level": "INFO", "logger": "milpbooklm_adapters.indexing.pg_retrieval", "message": "retrieval under-return: 1/30 after policy re-check; increasing limit to 500", "request_id": "7f0cdf8410f14444b7ababcd835c7fd0", "trace_id": "434865773fdbe700c23ab74aaab3f683", "span_id": "43600ef606a29429"}
{"check": "cancel_publishes_no_assistant_message", "ok": true, "detail": ""}
{"check": "reset_preserves_old_history_and_returns_empty_new_conversation", "ok": true, "detail": ""}
{"check": "delete_removes_conversation_from_authoritative_state", "ok": true, "detail": ""}
{"ts": "2026-09-21T15:42:23+0200", "level": "INFO", "logger": "milpbooklm_api.auth_routes", "message": "login succeeded", "request_id": "da916e7998014302b9c8cb3d08733cde", "trace_id": "5506530869e8e33b7449914247726bcc", "span_id": "708aefaf1dd99480", "fields": {"user_id": "01a0c434-1867-4758-943c-165bcae2aaf3"}}
{"check": "non_member_private_resources_return_404", "ok": true, "detail": ""}
{"check": "task_17_manual_qa_complete", "ok": true, "detail": "all assertions passed"}
