Task 13 manual parser QA, 2026-09-21

Command (isolated child, rootless srcds process):
  printf 'Hello\\n\\nمرحبا\\n\\n你好\\n' | rtk uv run python -m milpbooklm_adapters.parsers.child /tmp/opencode/t13-parser-qa/text-a.json 00000000-0000-0000-0000-000000000013 text/plain

Real result:
  state=succeeded
  document_id=370607d1-9d78-50a3-a9d3-cb9a9368fa04
  node IDs: b6de9bd8-ab46-544a-bc9e-6d90b3d049dc, 34302baf-e285-5a1b-a738-13b06fa2374b, 7f1780cd-2c24-5424-b17a-8fdc26580575, 20f31ae1-5024-53c3-a453-8e4dce5d4c14
  parser: milpbooklm.text v1, profile=text-paragraphs-v1, python=3.13.3
  locators: document/paragraph/{1,2,3}; spans 0:5, 7:12, 14:16

Repeat command wrote text-b.json. `cmp -s text-a.json text-b.json` exited 0: reparse output, including IDs, is byte-identical.

Malformed-PDF command:
  printf 'not-a-pdf' | rtk uv run python -m milpbooklm_adapters.parsers.child /tmp/opencode/t13-parser-qa/malformed.json 00000000-0000-0000-0000-000000000013 application/pdf

Real result:
  {"state":"corrupt","detail":"PDF is malformed"}

Isolation profile exercised: separate `python -I -m milpbooklm_adapters.parsers.child` subprocess, empty per-run TMPDIR/cwd, stdin-only source bytes, RLIMIT_CPU=10s, RLIMIT_AS=536870912, RLIMIT_FSIZE=33554432, wall timeout=20s, and import guard before pypdf/pdfplumber imports.

Scratch PostgreSQL at /tmp/opencode/t12-qa:29519 was unavailable (socket absent), so persistence-state QA and the requested benign/encrypted PDF fixture generation could not run in this dispatch. The encrypted branch is code-traced through `PdfReader.is_encrypted -> PdfEncryptedError -> encrypted` and is not claimed as hands-on verified.


Migration restartability QA, 2026-09-21

Fresh database recreation and bootstrap (socket=/tmp/opencode/t13-qa, port=29520) followed by:
  MILPBOOKLM_DB_URL=postgresql+psycopg://milpbooklm_migration:... rtk uv run alembic -c migrations/alembic.ini upgrade head

Real output:
  Running upgrade -> 0001_baseline
  Running upgrade 0001_baseline -> 0002_ing_01b

Same-schema restart simulation:
  alembic stamp 0001_baseline
  alembic upgrade head
  Running upgrade 0001_baseline -> 0002_ing_01b

Downgrade/re-upgrade simulation:
  alembic downgrade 0001_baseline
  alembic upgrade head
  Running downgrade 0002_ing_01b -> 0001_baseline
  Running upgrade 0001_baseline -> 0002_ing_01b

Final live database state:
  version_num
  0002_ing_01b

All 0002 ALTER/DROP operations now use IF EXISTS/IF NOT EXISTS or a drop-before-add constraint replacement, so 0001's live-metadata create_all and an interrupted 0002 retry are safe.


Concurrent API/worker ownership QA, 2026-09-21

Command:
  rtk uv run python /home/srcds/dev/t13-smoke/atlas_t13.py

The driver ran TestClient API requests while it started `python -m milpbooklm_workers` against `/home/srcds/dev/t13-smoke` PostgreSQL and blob root. Real output:
  pdf_magic_wins: ok=true
  jobs_terminal: text=succeeded, pdf=succeeded, malformed=failed
  text_parsed_with_nodes: status=parsed nodes=4
  pdf_parsed_page_and_paragraph: status=parsed nodes=3 text=Hello canonical world.
  malformed_explicit_failure_no_fake_doc: ('parse_failed', 'corrupt')
  ATLAS_T13_PASS

The API response `job_id` remained the idempotent `ingestion.parse` job. No `ingestion.acquire_identify` row is now created or synchronously transitioned by the request path.
